Archive member included to satisfy reference by file (symbol)

c:/program files (x86)/atmel/studio/7.0/toolchain/arm/arm-gnu-toolchain/bin/../lib/gcc/arm-none-eabi/6.3.1/thumb/v6-m\libgcc.a(_udivsi3.o)
                              hpl/core/hpl_core_m0plus_base.o (__aeabi_uidiv)
c:/program files (x86)/atmel/studio/7.0/toolchain/arm/arm-gnu-toolchain/bin/../lib/gcc/arm-none-eabi/6.3.1/thumb/v6-m\libgcc.a(_dvmd_tls.o)
                              c:/program files (x86)/atmel/studio/7.0/toolchain/arm/arm-gnu-toolchain/bin/../lib/gcc/arm-none-eabi/6.3.1/thumb/v6-m\libgcc.a(_udivsi3.o) (__aeabi_idiv0)
c:/program files (x86)/atmel/studio/7.0/toolchain/arm/arm-gnu-toolchain/bin/../lib/gcc/arm-none-eabi/6.3.1/thumb/v6-m\libgcc.a(_aeabi_uldivmod.o)
                              hpl/sercom/hpl_sercom.o (__aeabi_uldivmod)
c:/program files (x86)/atmel/studio/7.0/toolchain/arm/arm-gnu-toolchain/bin/../lib/gcc/arm-none-eabi/6.3.1/thumb/v6-m\libgcc.a(_muldi3.o)
                              hpl/sercom/hpl_sercom.o (__aeabi_lmul)
c:/program files (x86)/atmel/studio/7.0/toolchain/arm/arm-gnu-toolchain/bin/../lib/gcc/arm-none-eabi/6.3.1/thumb/v6-m\libgcc.a(_fixunsdfsi.o)
                              hpl/sercom/hpl_sercom.o (__aeabi_d2uiz)
c:/program files (x86)/atmel/studio/7.0/toolchain/arm/arm-gnu-toolchain/bin/../lib/gcc/arm-none-eabi/6.3.1/thumb/v6-m\libgcc.a(_udivmoddi4.o)
                              c:/program files (x86)/atmel/studio/7.0/toolchain/arm/arm-gnu-toolchain/bin/../lib/gcc/arm-none-eabi/6.3.1/thumb/v6-m\libgcc.a(_aeabi_uldivmod.o) (__udivmoddi4)
c:/program files (x86)/atmel/studio/7.0/toolchain/arm/arm-gnu-toolchain/bin/../lib/gcc/arm-none-eabi/6.3.1/thumb/v6-m\libgcc.a(divdf3.o)
                              hpl/sercom/hpl_sercom.o (__aeabi_ddiv)
c:/program files (x86)/atmel/studio/7.0/toolchain/arm/arm-gnu-toolchain/bin/../lib/gcc/arm-none-eabi/6.3.1/thumb/v6-m\libgcc.a(muldf3.o)
                              hpl/sercom/hpl_sercom.o (__aeabi_dmul)
c:/program files (x86)/atmel/studio/7.0/toolchain/arm/arm-gnu-toolchain/bin/../lib/gcc/arm-none-eabi/6.3.1/thumb/v6-m\libgcc.a(subdf3.o)
                              hpl/sercom/hpl_sercom.o (__aeabi_dsub)
c:/program files (x86)/atmel/studio/7.0/toolchain/arm/arm-gnu-toolchain/bin/../lib/gcc/arm-none-eabi/6.3.1/thumb/v6-m\libgcc.a(fixdfsi.o)
                              c:/program files (x86)/atmel/studio/7.0/toolchain/arm/arm-gnu-toolchain/bin/../lib/gcc/arm-none-eabi/6.3.1/thumb/v6-m\libgcc.a(_fixunsdfsi.o) (__aeabi_d2iz)
c:/program files (x86)/atmel/studio/7.0/toolchain/arm/arm-gnu-toolchain/bin/../lib/gcc/arm-none-eabi/6.3.1/thumb/v6-m\libgcc.a(floatsidf.o)
                              hpl/sercom/hpl_sercom.o (__aeabi_i2d)
c:/program files (x86)/atmel/studio/7.0/toolchain/arm/arm-gnu-toolchain/bin/../lib/gcc/arm-none-eabi/6.3.1/thumb/v6-m\libgcc.a(floatunsidf.o)
                              hpl/sercom/hpl_sercom.o (__aeabi_ui2d)
c:/program files (x86)/atmel/studio/7.0/toolchain/arm/arm-gnu-toolchain/bin/../lib/gcc/arm-none-eabi/6.3.1/thumb/v6-m\libgcc.a(_arm_cmpdf2.o)
                              c:/program files (x86)/atmel/studio/7.0/toolchain/arm/arm-gnu-toolchain/bin/../lib/gcc/arm-none-eabi/6.3.1/thumb/v6-m\libgcc.a(_fixunsdfsi.o) (__aeabi_dcmpge)
c:/program files (x86)/atmel/studio/7.0/toolchain/arm/arm-gnu-toolchain/bin/../lib/gcc/arm-none-eabi/6.3.1/thumb/v6-m\libgcc.a(_clzsi2.o)
                              c:/program files (x86)/atmel/studio/7.0/toolchain/arm/arm-gnu-toolchain/bin/../lib/gcc/arm-none-eabi/6.3.1/thumb/v6-m\libgcc.a(divdf3.o) (__clzsi2)
c:/program files (x86)/atmel/studio/7.0/toolchain/arm/arm-gnu-toolchain/bin/../lib/gcc/arm-none-eabi/6.3.1/thumb/v6-m\libgcc.a(_clzdi2.o)
                              c:/program files (x86)/atmel/studio/7.0/toolchain/arm/arm-gnu-toolchain/bin/../lib/gcc/arm-none-eabi/6.3.1/thumb/v6-m\libgcc.a(_udivmoddi4.o) (__clzdi2)
c:/program files (x86)/atmel/studio/7.0/toolchain/arm/arm-gnu-toolchain/bin/../lib/gcc/arm-none-eabi/6.3.1/thumb/v6-m\libgcc.a(eqdf2.o)
                              c:/program files (x86)/atmel/studio/7.0/toolchain/arm/arm-gnu-toolchain/bin/../lib/gcc/arm-none-eabi/6.3.1/thumb/v6-m\libgcc.a(_arm_cmpdf2.o) (__eqdf2)
c:/program files (x86)/atmel/studio/7.0/toolchain/arm/arm-gnu-toolchain/bin/../lib/gcc/arm-none-eabi/6.3.1/thumb/v6-m\libgcc.a(gedf2.o)
                              c:/program files (x86)/atmel/studio/7.0/toolchain/arm/arm-gnu-toolchain/bin/../lib/gcc/arm-none-eabi/6.3.1/thumb/v6-m\libgcc.a(_arm_cmpdf2.o) (__gedf2)
c:/program files (x86)/atmel/studio/7.0/toolchain/arm/arm-gnu-toolchain/bin/../lib/gcc/arm-none-eabi/6.3.1/thumb/v6-m\libgcc.a(ledf2.o)
                              c:/program files (x86)/atmel/studio/7.0/toolchain/arm/arm-gnu-toolchain/bin/../lib/gcc/arm-none-eabi/6.3.1/thumb/v6-m\libgcc.a(_arm_cmpdf2.o) (__ledf2)
[...]
Memory Configuration

Name             Origin             Length             Attributes
rom              0x00000000         0x00040000         xr
ram              0x20000000         0x00008000         xrw
*default*        0x00000000         0xffffffff

Linker script and memory map

LOAD c:/program files (x86)/atmel/studio/7.0/toolchain/arm/arm-gnu-toolchain/bin/../lib/gcc/arm-none-eabi/6.3.1/thumb/v6-m/crti.o
LOAD c:/program files (x86)/atmel/studio/7.0/toolchain/arm/arm-gnu-toolchain/bin/../lib/gcc/arm-none-eabi/6.3.1/thumb/v6-m/crtbegin.o
LOAD c:/program files (x86)/atmel/studio/7.0/toolchain/arm/arm-gnu-toolchain/bin/../lib/gcc/arm-none-eabi/6.3.1/../../../../arm-none-eabi/lib/thumb/v6-m/crt0.o
LOAD atmel_start.o
LOAD Device_Startup/startup_samd21.o
LOAD Device_Startup/system_samd21.o
LOAD driver_init.o
LOAD drv_i2c_master.o
LOAD drv_mxt.o
LOAD examples/driver_examples.o
LOAD hal/src/hal_atomic.o
LOAD hal/src/hal_delay.o
LOAD hal/src/hal_gpio.o
LOAD hal/src/hal_i2c_m_sync.o
LOAD hal/src/hal_init.o
LOAD hal/src/hal_io.o
LOAD hal/src/hal_sleep.o
LOAD hal/src/hal_timer.o
LOAD hal/utils/src/utils_assert.o
LOAD hal/utils/src/utils_event.o
LOAD hal/utils/src/utils_list.o
LOAD hal/utils/src/utils_syscalls.o
LOAD hpl/core/hpl_core_m0plus_base.o
LOAD hpl/core/hpl_init.o
LOAD hpl/dmac/hpl_dmac.o
LOAD hpl/gclk/hpl_gclk.o
LOAD hpl/pm/hpl_pm.o
LOAD hpl/rtc/hpl_rtc.o
LOAD hpl/sercom/hpl_sercom.o
LOAD hpl/sysctrl/hpl_sysctrl.o
LOAD main.o
START GROUP
LOAD c:/program files (x86)/atmel/studio/7.0/toolchain/arm/arm-gnu-toolchain/bin/../lib/gcc/arm-none-eabi/6.3.1/../../../../arm-none-eabi/lib/thumb/v6-m\libm.a
END GROUP
START GROUP
LOAD c:/program files (x86)/atmel/studio/7.0/toolchain/arm/arm-gnu-toolchain/bin/../lib/gcc/arm-none-eabi/6.3.1/thumb/v6-m\libgcc.a
LOAD c:/program files (x86)/atmel/studio/7.0/toolchain/arm/arm-gnu-toolchain/bin/../lib/gcc/arm-none-eabi/6.3.1/../../../../arm-none-eabi/lib/thumb/v6-m\libc_nano.a
END GROUP
START GROUP
LOAD c:/program files (x86)/atmel/studio/7.0/toolchain/arm/arm-gnu-toolchain/bin/../lib/gcc/arm-none-eabi/6.3.1/thumb/v6-m\libgcc.a
LOAD c:/program files (x86)/atmel/studio/7.0/toolchain/arm/arm-gnu-toolchain/bin/../lib/gcc/arm-none-eabi/6.3.1/../../../../arm-none-eabi/lib/thumb/v6-m\libc_nano.a
END GROUP
LOAD c:/program files (x86)/atmel/studio/7.0/toolchain/arm/arm-gnu-toolchain/bin/../lib/gcc/arm-none-eabi/6.3.1/thumb/v6-m/crtend.o
LOAD c:/program files (x86)/atmel/studio/7.0/toolchain/arm/arm-gnu-toolchain/bin/../lib/gcc/arm-none-eabi/6.3.1/thumb/v6-m/crtn.o
                0x00002000                STACK_SIZE = DEFINED (STACK_SIZE)?STACK_SIZE:DEFINED (__stack_size__)?__stack_size__:0x2000

.text           0x00000000     0x43bc
                0x00000000                . = ALIGN (0x4)
                0x00000000                _sfixed = .
 *(.vectors .vectors.*)
 .vectors       0x00000000       0xb4 Device_Startup/startup_samd21.o
                0x00000000                exception_table
 *(.text .text.* .gnu.linkonce.t.*)
 .text          0x000000b4       0x60 c:/program files (x86)/atmel/studio/7.0/toolchain/arm/arm-gnu-toolchain/bin/../lib/gcc/arm-none-eabi/6.3.1/thumb/v6-m/crtbegin.o
 .text.atmel_start_init
                0x00000114       0x14 atmel_start.o
                0x00000114                atmel_start_init
 .text.Reset_Handler
                0x00000128       0xf8 Device_Startup/startup_samd21.o
                0x00000128                Reset_Handler
 .text.Dummy_Handler
                0x00000220        0x6 Device_Startup/startup_samd21.o
                0x00000220                SVCall_Handler
                0x00000220                DMAC_Handler
                0x00000220                HardFault_Handler
                0x00000220                AC_Handler
                0x00000220                SysTick_Handler
                0x00000220                PendSV_Handler
                0x00000220                TC7_Handler
                0x00000220                SERCOM1_Handler
                0x00000220                ADC_Handler
                0x00000220                NonMaskableInt_Handler
                0x00000220                TCC1_Handler
                0x00000220                SERCOM2_Handler
                0x00000220                TCC0_Handler
                0x00000220                EIC_Handler
                0x00000220                TC6_Handler
                0x00000220                WDT_Handler
                0x00000220                TC4_Handler
                0x00000220                USB_Handler
                0x00000220                TC3_Handler
                0x00000220                Dummy_Handler
                0x00000220                PM_Handler
                0x00000220                SERCOM5_Handler
                0x00000220                TCC2_Handler
                0x00000220                EVSYS_Handler
                0x00000220                SERCOM3_Handler
                0x00000220                SERCOM4_Handler
                0x00000220                I2S_Handler
                0x00000220                NVMCTRL_Handler
                0x00000220                SERCOM0_Handler
                0x00000220                DAC_Handler
                0x00000220                PTC_Handler
                0x00000220                TC5_Handler
                0x00000220                SYSCTRL_Handler
 .text.hri_gclk_write_CLKCTRL_reg
                0x00000226       0x1e driver_init.o
 .text.hri_port_clear_DIR_reg
                0x00000244       0x2c driver_init.o
 .text.hri_port_set_OUT_reg
                0x00000270       0x2c driver_init.o
 .text.hri_port_clear_OUT_reg
                0x0000029c       0x2c driver_init.o
 .text.hri_port_write_PMUX_PMUXE_bf
                0x000002c8       0x88 driver_init.o
 .text.hri_port_write_PMUX_PMUXO_bf
                0x00000350       0x86 driver_init.o
 .text.hri_port_write_PINCFG_PMUXEN_bit
                0x000003d6       0x82 driver_init.o
 .text.hri_port_set_PINCFG_PULLEN_bit
                0x00000458       0x56 driver_init.o
 .text.hri_port_clear_PINCFG_PULLEN_bit
                0x000004ae       0x56 driver_init.o
 .text._gpio_set_pin_pull_mode
                0x00000504       0xf4 driver_init.o
 .text._gpio_set_pin_function
                0x000005f8       0xb4 driver_init.o
 .text.gpio_set_pin_pull_mode
                0x000006ac       0x3c driver_init.o
 .text.gpio_set_pin_function
                0x000006e8       0x24 driver_init.o
 .text.init_mcu
                0x0000070c       0x14 driver_init.o
 .text._gclk_enable_channel
                0x00000720       0x58 driver_init.o
 .text._pm_get_ahb_index
                0x00000778       0x74 driver_init.o
 .text._pm_get_apbb_index
                0x000007ec       0x74 driver_init.o
 .text._pm_enable_bus_clock
                0x00000860       0xe4 driver_init.o
 .text.I2C_0_PORT_init
                0x00000944       0x40 driver_init.o
                0x00000944                I2C_0_PORT_init
 .text.I2C_0_CLOCK_init
                0x00000984       0x30 driver_init.o
                0x00000984                I2C_0_CLOCK_init
 .text.I2C_0_init
                0x000009b4       0x34 driver_init.o
                0x000009b4                I2C_0_init
 .text.TIMER_0_init
                0x000009e8       0x44 driver_init.o
 .text.system_init
                0x00000a2c       0x24 driver_init.o
                0x00000a2c                system_init
 .text.drv_i2c_write
                0x00000a50      0x1b0 drv_i2c_master.o
                0x00000a50                drv_i2c_write
 .text.drv_i2c_read
                0x00000c00      0x110 drv_i2c_master.o
                0x00000c00                drv_i2c_read
 .text.drv_mxt_proc_t6_message
                0x00000d10       0x7c drv_mxt.o
 .text.drv_mxt_proc_t25_message
                0x00000d8c       0x2c drv_mxt.o
 .text.drv_mxt_proc_t9_message
                0x00000db8       0xc8 drv_mxt.o
 .text.drv_mxt_proc_t100_message
                0x00000e80       0x88 drv_mxt.o
 .text.drv_mxt_proc_t15_message
                0x00000f08       0xc4 drv_mxt.o
 .text.drv_mxt_process_msg
                0x00000fcc      0x174 drv_mxt.o
 .text.mxt_parse_T9
                0x00001140       0x70 drv_mxt.o
 .text.mxt_parse_T100
                0x000011b0        0xc drv_mxt.o
 .text.mxt_parse_object_table
                0x000011bc      0x28c drv_mxt.o
 .text.mxt_calc_crc24
                0x00001448       0x58 drv_mxt.o
 .text.mxt_calculate_crc
                0x000014a0       0x94 drv_mxt.o
 .text.drv_mxt_looking_for
                0x00001534       0x64 drv_mxt.o
 .text.drv_mxt_send_T6_cmd
                0x00001598       0x40 drv_mxt.o
 .text.drv_mxt_update_cfg
                0x000015d8      0x1ac drv_mxt.o
                0x000015d8                drv_mxt_update_cfg
 .text.drv_mxt_read_info
                0x00001784      0x138 drv_mxt.o
                0x00001784                drv_mxt_read_info
 .text.drv_mxt_irq
                0x000018bc       0xb8 drv_mxt.o
                0x000018bc                drv_mxt_irq
 .text.drv_mxt_init
                0x00001974       0x1c drv_mxt.o
                0x00001974                drv_mxt_init
 .text.drv_mxt_read_state
                0x00001990       0x14 drv_mxt.o
                0x00001990                drv_mxt_read_state
 .text.drv_mxt_set_state
                0x000019a4       0x20 drv_mxt.o
                0x000019a4                drv_mxt_set_state
 .text.drv_mxt_sw_reset
                0x000019c4       0x20 drv_mxt.o
                0x000019c4                drv_mxt_sw_reset
 .text.i2c_m_sync_read
                0x000019e4       0x68 hal/src/hal_i2c_m_sync.o
 .text.i2c_m_sync_write
                0x00001a4c       0x68 hal/src/hal_i2c_m_sync.o
 .text.i2c_m_sync_init
                0x00001ab4       0x60 hal/src/hal_i2c_m_sync.o
                0x00001ab4                i2c_m_sync_init
 .text.i2c_m_sync_enable
                0x00001b14       0x20 hal/src/hal_i2c_m_sync.o
                0x00001b14                i2c_m_sync_enable
 .text.i2c_m_sync_set_slaveaddr
                0x00001b34       0x40 hal/src/hal_i2c_m_sync.o
                0x00001b34                i2c_m_sync_set_slaveaddr
 .text.i2c_m_sync_get_io_descriptor
                0x00001b74       0x1e hal/src/hal_i2c_m_sync.o
                0x00001b74                i2c_m_sync_get_io_descriptor
 *fill*         0x00001b92        0x2 
 .text.io_write
                0x00001b94       0x54 hal/src/hal_io.o
                0x00001b94                io_write
 .text.io_read  0x00001be8       0x54 hal/src/hal_io.o
                0x00001be8                io_read
 .text.list_get_head
                0x00001c3c       0x14 hal/src/hal_timer.o
 .text.list_get_next_element
                0x00001c50       0x1e hal/src/hal_timer.o
 *fill*         0x00001c6e        0x2 
 .text.timer_init
                0x00001c70       0x64 hal/src/hal_timer.o
                0x00001c70                timer_init
 .text.timer_add_timer_task
                0x00001cd4       0xc4 hal/src/hal_timer.o
 .text.timer_process_counted
                0x00001d98       0xc4 hal/src/hal_timer.o
 .text.assert   0x00001e5c       0x2c hal/utils/src/utils_assert.o
                0x00001e5c                assert
 .text.is_list_element
                0x00001e88       0x34 hal/utils/src/utils_list.o
                0x00001e88                is_list_element
 .text.list_insert_as_head
                0x00001ebc       0x58 hal/utils/src/utils_list.o
                0x00001ebc                list_insert_as_head
 .text.list_insert_after
                0x00001f14       0x20 hal/utils/src/utils_list.o
                0x00001f14                list_insert_after
 .text.list_remove_head
                0x00001f34       0x2e hal/utils/src/utils_list.o
                0x00001f34                list_remove_head
 .text.hri_nvmctrl_set_CTRLB_RWS_bf
                0x00001f62       0x24 hpl/core/hpl_init.o
 *fill*         0x00001f86        0x2 
 .text._init_chip
                0x00001f88       0x40 hpl/core/hpl_init.o
                0x00001f88                _init_chip
 .text.hri_gclk_wait_for_sync
                0x00001fc8       0x20 hpl/gclk/hpl_gclk.o
 .text.hri_gclk_write_GENCTRL_reg
                0x00001fe8       0x24 hpl/gclk/hpl_gclk.o
 .text.hri_gclk_write_GENDIV_reg
                0x0000200c       0x18 hpl/gclk/hpl_gclk.o
 .text._gclk_init_generators_by_fref
                0x00002024       0x44 hpl/gclk/hpl_gclk.o
                0x00002024                _gclk_init_generators_by_fref
 .text.hri_pm_set_CPUSEL_CPUDIV_bf
                0x00002068       0x2e hpl/pm/hpl_pm.o
 .text.hri_pm_set_APBASEL_APBADIV_bf
                0x00002096       0x2e hpl/pm/hpl_pm.o
 .text.hri_pm_set_APBBSEL_APBBDIV_bf
                0x000020c4       0x2e hpl/pm/hpl_pm.o
 .text.hri_pm_set_APBCSEL_APBCDIV_bf
                0x000020f2       0x2e hpl/pm/hpl_pm.o
 .text._pm_init
                0x00002120       0x48 hpl/pm/hpl_pm.o
                0x00002120                _pm_init
 .text.hri_rtc_wait_for_sync
                0x00002168       0x20 hpl/rtc/hpl_rtc.o
 .text.hri_rtcmode0_clear_interrupt_CMP0_bit
                0x00002188       0x16 hpl/rtc/hpl_rtc.o
 .text.hri_rtcmode0_read_INTFLAG_reg
                0x0000219e       0x16 hpl/rtc/hpl_rtc.o
 .text.hri_rtcmode0_set_INTEN_CMP0_bit
                0x000021b4       0x16 hpl/rtc/hpl_rtc.o
 *fill*         0x000021ca        0x2 
 .text.hri_rtcmode0_write_CTRL_reg
                0x000021cc       0x2c hpl/rtc/hpl_rtc.o
 .text.hri_rtcmode0_write_COMP_COMP_bf
                0x000021f8       0x54 hpl/rtc/hpl_rtc.o
 .text._timer_init
                0x0000224c       0xb4 hpl/rtc/hpl_rtc.o
                0x0000224c                _timer_init
 .text._rtc_timer_interrupt_handler
                0x00002300       0x54 hpl/rtc/hpl_rtc.o
 .text._rtc_get_timer
                0x00002354        0xc hpl/rtc/hpl_rtc.o
                0x00002354                _rtc_get_timer
 .text.RTC_Handler
                0x00002360       0x1c hpl/rtc/hpl_rtc.o
                0x00002360                RTC_Handler
 .text.hri_sercomi2cm_wait_for_sync
                0x0000237c       0x1e hpl/sercom/hpl_sercom.o
 .text.hri_sercomi2cm_is_syncing
                0x0000239a       0x20 hpl/sercom/hpl_sercom.o
 .text.hri_sercomi2cm_clear_interrupt_MB_bit
                0x000023ba       0x16 hpl/sercom/hpl_sercom.o
 .text.hri_sercomi2cm_clear_interrupt_SB_bit
                0x000023d0       0x16 hpl/sercom/hpl_sercom.o
 .text.hri_sercomi2cm_read_INTFLAG_reg
                0x000023e6       0x16 hpl/sercom/hpl_sercom.o
 .text.hri_sercomi2cm_set_CTRLA_ENABLE_bit
                0x000023fc       0x2c hpl/sercom/hpl_sercom.o
 .text.hri_sercomi2cm_clear_CTRLA_ENABLE_bit
                0x00002428       0x2c hpl/sercom/hpl_sercom.o
 .text.hri_sercomi2cm_get_CTRLA_SCLSM_bit
                0x00002454       0x28 hpl/sercom/hpl_sercom.o
 .text.hri_sercomi2cm_get_CTRLA_reg
                0x0000247c       0x30 hpl/sercom/hpl_sercom.o
 .text.hri_sercomi2cm_write_CTRLA_reg
                0x000024ac       0x28 hpl/sercom/hpl_sercom.o
 .text.hri_sercomi2cm_set_CTRLB_SMEN_bit
                0x000024d4       0x2c hpl/sercom/hpl_sercom.o
 .text.hri_sercomi2cm_clear_CTRLB_SMEN_bit
                0x00002500       0x30 hpl/sercom/hpl_sercom.o
 .text.hri_sercomi2cm_set_CTRLB_ACKACT_bit
                0x00002530       0x2c hpl/sercom/hpl_sercom.o
 .text.hri_sercomi2cm_clear_CTRLB_ACKACT_bit
                0x0000255c       0x30 hpl/sercom/hpl_sercom.o
 .text.hri_sercomi2cm_set_CTRLB_CMD_bf
                0x0000258c       0x34 hpl/sercom/hpl_sercom.o
 .text.hri_sercomi2cm_write_CTRLB_reg
                0x000025c0       0x28 hpl/sercom/hpl_sercom.o
 .text.hri_sercomi2cm_write_BAUD_reg
                0x000025e8       0x18 hpl/sercom/hpl_sercom.o
 .text.hri_sercomi2cm_write_ADDR_HS_bit
                0x00002600       0x4c hpl/sercom/hpl_sercom.o
 .text.hri_sercomi2cm_write_ADDR_reg
                0x0000264c       0x28 hpl/sercom/hpl_sercom.o
 .text.hri_sercomi2cm_read_ADDR_reg
                0x00002674       0x24 hpl/sercom/hpl_sercom.o
 .text.hri_sercomi2cm_write_DATA_reg
                0x00002698       0x30 hpl/sercom/hpl_sercom.o
 .text.hri_sercomi2cm_read_DATA_reg
                0x000026c8       0x28 hpl/sercom/hpl_sercom.o
 .text.hri_sercomi2cm_read_STATUS_BUSSTATE_bf
                0x000026f0       0x30 hpl/sercom/hpl_sercom.o
 .text.hri_sercomi2cm_read_STATUS_reg
                0x00002720       0x24 hpl/sercom/hpl_sercom.o
 .text.hri_sercomi2cm_clear_STATUS_reg
                0x00002744       0x2c hpl/sercom/hpl_sercom.o
 .text._sercom_get_hardware_index
                0x00002770       0x20 hpl/sercom/hpl_sercom.o
 .text._get_i2cm_index
                0x00002790       0x8c hpl/sercom/hpl_sercom.o
 .text._sercom_i2c_send_stop
                0x0000281c       0x20 hpl/sercom/hpl_sercom.o
 .text._sercom_i2c_sync_analyse_flags
                0x0000283c      0x264 hpl/sercom/hpl_sercom.o
 .text._i2c_m_sync_init
                0x00002aa0       0x48 hpl/sercom/hpl_sercom.o
                0x00002aa0                _i2c_m_sync_init
 .text._i2c_m_sync_enable
                0x00002ae8       0x40 hpl/sercom/hpl_sercom.o
                0x00002ae8                _i2c_m_sync_enable
 .text._sercom_i2c_sync_wait_bus
                0x00002b28       0x5c hpl/sercom/hpl_sercom.o
 .text._sercom_i2c_sync_send_address
                0x00002b84      0x140 hpl/sercom/hpl_sercom.o
 .text._i2c_m_sync_transfer
                0x00002cc4      0x13c hpl/sercom/hpl_sercom.o
                0x00002cc4                _i2c_m_sync_transfer
 .text._i2c_m_enable_implementation
                0x00002e00       0x90 hpl/sercom/hpl_sercom.o
 .text._i2c_m_sync_init_impl
                0x00002e90      0x174 hpl/sercom/hpl_sercom.o
 .text.hri_sysctrl_get_PCLKSR_OSC8MRDY_bit
                0x00003004       0x20 hpl/sysctrl/hpl_sysctrl.o
 .text.hri_sysctrl_set_OSC32K_ENABLE_bit
                0x00003024       0x1c hpl/sysctrl/hpl_sysctrl.o
 .text.hri_sysctrl_clear_OSC32K_ENABLE_bit
                0x00003040       0x1e hpl/sysctrl/hpl_sysctrl.o
 .text.hri_sysctrl_read_OSCULP32K_CALIB_bf
                0x0000305e       0x30 hpl/sysctrl/hpl_sysctrl.o
 .text.hri_sysctrl_write_OSCULP32K_reg
                0x0000308e       0x1e hpl/sysctrl/hpl_sysctrl.o
 .text.hri_sysctrl_set_OSC8M_ONDEMAND_bit
                0x000030ac       0x1c hpl/sysctrl/hpl_sysctrl.o
 .text.hri_sysctrl_read_OSC8M_CALIB_bf
                0x000030c8       0x22 hpl/sysctrl/hpl_sysctrl.o
 .text.hri_sysctrl_read_OSC8M_FRANGE_bf
                0x000030ea       0x1e hpl/sysctrl/hpl_sysctrl.o
 .text.hri_sysctrl_write_OSC8M_reg
                0x00003108       0x18 hpl/sysctrl/hpl_sysctrl.o
 .text._sysctrl_init_sources
                0x00003120       0xc0 hpl/sysctrl/hpl_sysctrl.o
                0x00003120                _sysctrl_init_sources
 .text._sysctrl_init_referenced_generators
                0x000031e0       0x24 hpl/sysctrl/hpl_sysctrl.o
                0x000031e0                _sysctrl_init_referenced_generators
 .text.user_touch_cb
                0x00003204       0x16 main.o
                0x00003204                user_touch_cb
 .text.user_keys_cb
                0x0000321a       0x16 main.o
                0x0000321a                user_keys_cb
 .text.mxt_init
                0x00003230       0x50 main.o
 .text.set_chg  0x00003280        0xa main.o
                0x00003280                set_chg
 .text.set_reset
                0x0000328a        0xa main.o
                0x0000328a                set_reset
 .text.set_power
                0x00003294        0xa main.o
                0x00003294                set_power
 .text.read_chg
                0x0000329e        0xc main.o
                0x0000329e                read_chg
 *fill*         0x000032aa        0x2 
 .text.drv_mxt_task
                0x000032ac       0xa0 main.o
                0x000032ac                drv_mxt_task
 .text.drv_mxt_main
                0x0000334c       0x44 main.o
                0x0000334c                drv_mxt_main
 .text.main     0x00003390       0x18 main.o
                0x00003390                main
 .text.__libc_init_array
                0x000033a8       0x48 c:/program files (x86)/atmel/studio/7.0/toolchain/arm/arm-gnu-toolchain/bin/../lib/gcc/arm-none-eabi/6.3.1/../../../../arm-none-eabi/lib/thumb/v6-m\libc_nano.a(lib_a-init.o)
                0x000033a8                __libc_init_array
 .text.memcmp   0x000033f0       0x1e c:/program files (x86)/atmel/studio/7.0/toolchain/arm/arm-gnu-toolchain/bin/../lib/gcc/arm-none-eabi/6.3.1/../../../../arm-none-eabi/lib/thumb/v6-m\libc_nano.a(lib_a-memcmp.o)
                0x000033f0                memcmp
 .text.memcpy   0x0000340e       0x12 c:/program files (x86)/atmel/studio/7.0/toolchain/arm/arm-gnu-toolchain/bin/../lib/gcc/arm-none-eabi/6.3.1/../../../../arm-none-eabi/lib/thumb/v6-m\libc_nano.a(lib_a-memcpy-stub.o)
                0x0000340e                memcpy
 *(.glue_7t)
 .glue_7t       0x00003420        0x0 linker stubs
 *(.glue_7)
 .glue_7        0x00003420        0x0 linker stubs
 *(.rodata .rodata* .gnu.linkonce.r.*)
 .rodata        0x00003420       0x34 driver_init.o
 .rodata        0x00003454      0xe84 drv_mxt.o
                0x00003454                file_magic_code
                0x00003460                file_device_info
                0x00003468                file_block_info_crc
                0x0000346c                file_cfg_crc
                0x00003470                file_cfg_data
 .rodata        0x000042d8       0x1c hal/src/hal_i2c_m_sync.o
 .rodata        0x000042f4       0x14 hal/src/hal_io.o
 .rodata        0x00004308       0x17 hal/src/hal_timer.o
 *fill*         0x0000431f        0x1 
 .rodata        0x00004320       0x1e hal/utils/src/utils_list.o
 *fill*         0x0000433e        0x2 
 .rodata        0x00004340       0x15 hpl/rtc/hpl_rtc.o
 *fill*         0x00004355        0x3 
 .rodata        0x00004358       0x2d hpl/sercom/hpl_sercom.o
 *fill*         0x00004385        0x3 
 .rodata        0x00004388       0x14 main.o
 *(.ARM.extab* .gnu.linkonce.armextab.*)
                0x0000439c                . = ALIGN (0x4)
 *(.init)
 .init          0x0000439c        0x4 c:/program files (x86)/atmel/studio/7.0/toolchain/arm/arm-gnu-toolchain/bin/../lib/gcc/arm-none-eabi/6.3.1/thumb/v6-m/crti.o
                0x0000439c                _init
 .init          0x000043a0        0x8 c:/program files (x86)/atmel/studio/7.0/toolchain/arm/arm-gnu-toolchain/bin/../lib/gcc/arm-none-eabi/6.3.1/thumb/v6-m/crtn.o
                0x000043a8                . = ALIGN (0x4)
                0x000043a8                __preinit_array_start = .
 *(.preinit_array)
                0x000043a8                __preinit_array_end = .
                0x000043a8                . = ALIGN (0x4)
                0x000043a8                __init_array_start = .
 *(SORT(.init_array.*))
 *(.init_array)
 .init_array    0x000043a8        0x4 c:/program files (x86)/atmel/studio/7.0/toolchain/arm/arm-gnu-toolchain/bin/../lib/gcc/arm-none-eabi/6.3.1/thumb/v6-m/crtbegin.o
                0x000043ac                __init_array_end = .
                0x000043ac                . = ALIGN (0x4)
 *crtbegin.o(.ctors)
 *(EXCLUDE_FILE(*crtend.o) .ctors)
 *(SORT(.ctors.*))
 *crtend.o(.ctors)
                0x000043ac                . = ALIGN (0x4)
 *(.fini)
 .fini          0x000043ac        0x4 c:/program files (x86)/atmel/studio/7.0/toolchain/arm/arm-gnu-toolchain/bin/../lib/gcc/arm-none-eabi/6.3.1/thumb/v6-m/crti.o
                0x000043ac                _fini
 .fini          0x000043b0        0x8 c:/program files (x86)/atmel/studio/7.0/toolchain/arm/arm-gnu-toolchain/bin/../lib/gcc/arm-none-eabi/6.3.1/thumb/v6-m/crtn.o
                0x000043b8                . = ALIGN (0x4)
                0x000043b8                __fini_array_start = .
 *(.fini_array)
 .fini_array    0x000043b8        0x4 c:/program files (x86)/atmel/studio/7.0/toolchain/arm/arm-gnu-toolchain/bin/../lib/gcc/arm-none-eabi/6.3.1/thumb/v6-m/crtbegin.o
 *(SORT(.fini_array.*))
                0x000043bc                __fini_array_end = .
 *crtbegin.o(.dtors)
 *(EXCLUDE_FILE(*crtend.o) .dtors)
 *(SORT(.dtors.*))
 *crtend.o(.dtors)
                0x000043bc                . = ALIGN (0x4)
                0x000043bc                _efixed = .
                [!provide]                PROVIDE (__exidx_start, .)

.vfp11_veneer   0x000043bc        0x0
 .vfp11_veneer  0x000043bc        0x0 linker stubs

.v4_bx          0x000043bc        0x0
 .v4_bx         0x000043bc        0x0 linker stubs

.iplt           0x000043bc        0x0
 .iplt          0x000043bc        0x0 c:/program files (x86)/atmel/studio/7.0/toolchain/arm/arm-gnu-toolchain/bin/../lib/gcc/arm-none-eabi/6.3.1/thumb/v6-m/crtbegin.o

.eh_frame       0x000043bc        0x0
 .eh_frame      0x000043bc        0x0 c:/program files (x86)/atmel/studio/7.0/toolchain/arm/arm-gnu-toolchain/bin/../lib/gcc/arm-none-eabi/6.3.1/thumb/v6-m/crtbegin.o

.rel.dyn        0x000043bc        0x0
 .rel.iplt      0x000043bc        0x0 c:/program files (x86)/atmel/studio/7.0/toolchain/arm/arm-gnu-toolchain/bin/../lib/gcc/arm-none-eabi/6.3.1/thumb/v6-m/crtbegin.o

.jcr            0x000043bc        0x0
 .jcr           0x000043bc        0x0 c:/program files (x86)/atmel/studio/7.0/toolchain/arm/arm-gnu-toolchain/bin/../lib/gcc/arm-none-eabi/6.3.1/thumb/v6-m/crtbegin.o

.igot.plt       0x000043bc        0x0
 .igot.plt      0x000043bc        0x0 c:/program files (x86)/atmel/studio/7.0/toolchain/arm/arm-gnu-toolchain/bin/../lib/gcc/arm-none-eabi/6.3.1/thumb/v6-m/crtbegin.o

.ARM.exidx
 *(.ARM.exidx* .gnu.linkonce.armexidx.*)
                [!provide]                PROVIDE (__exidx_end, .)
                0x000043bc                . = ALIGN (0x4)
                0x000043bc                _etext = .

.relocate       0x20000000       0x18 load address 0x000043bc
                0x20000000                . = ALIGN (0x4)
                0x20000000                _srelocate = .
 *(.ramfunc .ramfunc.*)
 *(.data .data.*)
 .data          0x20000000       0x18 hpl/sercom/hpl_sercom.o
                0x20000018                . = ALIGN (0x4)
                0x20000018                _erelocate = .

.bss            0x20000018      0x1c0 load address 0x000043d4
                0x20000018                . = ALIGN (0x4)
                0x20000018                _sbss = .
                0x20000018                _szero = .
 *(.bss .bss.*)
 .bss           0x20000018       0x1c c:/program files (x86)/atmel/studio/7.0/toolchain/arm/arm-gnu-toolchain/bin/../lib/gcc/arm-none-eabi/6.3.1/thumb/v6-m/crtbegin.o
 .bss           0x20000034        0x4 hpl/rtc/hpl_rtc.o
 *(COMMON)
 COMMON         0x20000038       0x3c driver_init.o
                0x20000038                I2C_0
                0x20000058                TIMER_0
 COMMON         0x20000074      0x162 drv_mxt.o
                0x20000074                mxt_data
                0x200000c0                mxt_keys_cb
                0x200000c4                mxt_block_info
                0x200001c8                mxt_touch_cb
                0x200001cc                mxt_touch_msg
                0x200001d8                . = ALIGN (0x4)
 *fill*         0x200001d6        0x2 
                0x200001d8                _ebss = .
                0x200001d8                _ezero = .

.stack          0x200001d8     0x2000 load address 0x00004594
                0x200001d8                . = ALIGN (0x8)
                0x200001d8                _sstack = .
                0x200021d8                . = (. + STACK_SIZE)
 *fill*         0x200001d8     0x2000 
                0x200021d8                . = ALIGN (0x8)
                0x200021d8                _estack = .
                0x200021d8                . = ALIGN (0x4)
                0x200021d8                _end = .
OUTPUT(mxt_drv.elf elf32-littlearm)

.ARM.attributes
                0x00000000       0x28
 .ARM.attributes
                0x00000000       0x1e c:/program files (x86)/atmel/studio/7.0/toolchain/arm/arm-gnu-toolchain/bin/../lib/gcc/arm-none-eabi/6.3.1/thumb/v6-m/crti.o
 .ARM.attributes
                0x0000001e       0x2c c:/program files (x86)/atmel/studio/7.0/toolchain/arm/arm-gnu-toolchain/bin/../lib/gcc/arm-none-eabi/6.3.1/thumb/v6-m/crtbegin.o
 .ARM.attributes
                0x0000004a       0x32 atmel_start.o
 .ARM.attributes
                0x0000007c       0x32 Device_Startup/startup_samd21.o
 .ARM.attributes
                0x000000ae       0x32 driver_init.o
 .ARM.attributes
                0x000000e0       0x32 drv_i2c_master.o
 .ARM.attributes
                0x00000112       0x32 drv_mxt.o
 .ARM.attributes
                0x00000144       0x32 hal/src/hal_i2c_m_sync.o
 .ARM.attributes
                0x00000176       0x32 hal/src/hal_io.o
 .ARM.attributes
                0x000001a8       0x32 hal/src/hal_timer.o
 .ARM.attributes
                0x000001da       0x32 hal/utils/src/utils_assert.o
 .ARM.attributes
                0x0000020c       0x32 hal/utils/src/utils_list.o
 .ARM.attributes
                0x0000023e       0x32 hpl/core/hpl_init.o
 .ARM.attributes
                0x00000270       0x32 hpl/gclk/hpl_gclk.o
 .ARM.attributes
                0x000002a2       0x32 hpl/pm/hpl_pm.o
 .ARM.attributes
                0x000002d4       0x32 hpl/rtc/hpl_rtc.o
 .ARM.attributes
                0x00000306       0x32 hpl/sercom/hpl_sercom.o
 .ARM.attributes
                0x00000338       0x32 hpl/sysctrl/hpl_sysctrl.o
 .ARM.attributes
                0x0000036a       0x32 main.o
 .ARM.attributes
                0x0000039c       0x2c c:/program files (x86)/atmel/studio/7.0/toolchain/arm/arm-gnu-toolchain/bin/../lib/gcc/arm-none-eabi/6.3.1/../../../../arm-none-eabi/lib/thumb/v6-m\libc_nano.a(lib_a-init.o)
 .ARM.attributes
                0x000003c8       0x2c c:/program files (x86)/atmel/studio/7.0/toolchain/arm/arm-gnu-toolchain/bin/../lib/gcc/arm-none-eabi/6.3.1/../../../../arm-none-eabi/lib/thumb/v6-m\libc_nano.a(lib_a-memcmp.o)
 .ARM.attributes
                0x000003f4       0x2c c:/program files (x86)/atmel/studio/7.0/toolchain/arm/arm-gnu-toolchain/bin/../lib/gcc/arm-none-eabi/6.3.1/../../../../arm-none-eabi/lib/thumb/v6-m\libc_nano.a(lib_a-memcpy-stub.o)
 .ARM.attributes
                0x00000420       0x1e c:/program files (x86)/atmel/studio/7.0/toolchain/arm/arm-gnu-toolchain/bin/../lib/gcc/arm-none-eabi/6.3.1/thumb/v6-m/crtn.o

.comment        0x00000000       0x59
 .comment       0x00000000       0x59 atmel_start.o
                                 0x5a (size before relaxing)
 .comment       0x00000059       0x5a Device_Startup/startup_samd21.o
 .comment       0x00000059       0x5a driver_init.o
 .comment       0x00000059       0x5a drv_i2c_master.o
 .comment       0x00000059       0x5a drv_mxt.o
 .comment       0x00000059       0x5a hal/src/hal_i2c_m_sync.o
 .comment       0x00000059       0x5a hal/src/hal_io.o
 .comment       0x00000059       0x5a hal/src/hal_timer.o
 .comment       0x00000059       0x5a hal/utils/src/utils_assert.o
 .comment       0x00000059       0x5a hal/utils/src/utils_list.o
 .comment       0x00000059       0x5a hpl/core/hpl_init.o
 .comment       0x00000059       0x5a hpl/gclk/hpl_gclk.o
 .comment       0x00000059       0x5a hpl/pm/hpl_pm.o
 .comment       0x00000059       0x5a hpl/rtc/hpl_rtc.o
 .comment       0x00000059       0x5a hpl/sercom/hpl_sercom.o
 .comment       0x00000059       0x5a hpl/sysctrl/hpl_sysctrl.o
 .comment       0x00000059       0x5a main.o

.debug_info     0x00000000    0x1d9c1
 .debug_info    0x00000000      0x3e7 atmel_start.o
 .debug_info    0x000003e7     0x3a2b Device_Startup/startup_samd21.o
 .debug_info    0x00003e12     0x8b11 driver_init.o
 .debug_info    0x0000c923      0xef8 drv_i2c_master.o
 .debug_info    0x0000d81b     0x18ee drv_mxt.o
 .debug_info    0x0000f109      0x776 hal/src/hal_i2c_m_sync.o
 .debug_info    0x0000f87f      0x255 hal/src/hal_io.o
 .debug_info    0x0000fad4      0x987 hal/src/hal_timer.o
 .debug_info    0x0001045b      0x10b hal/utils/src/utils_assert.o
 .debug_info    0x00010566      0x2d1 hal/utils/src/utils_list.o
 .debug_info    0x00010837      0x665 hpl/core/hpl_init.o
 .debug_info    0x00010e9c      0x480 hpl/gclk/hpl_gclk.o
 .debug_info    0x0001131c      0xc46 hpl/pm/hpl_pm.o
 .debug_info    0x00011f62     0x1e4b hpl/rtc/hpl_rtc.o
 .debug_info    0x00013dad     0x80c0 hpl/sercom/hpl_sercom.o
 .debug_info    0x0001be6d     0x13f4 hpl/sysctrl/hpl_sysctrl.o
 .debug_info    0x0001d261      0x760 main.o

.debug_abbrev   0x00000000     0x20f9
 .debug_abbrev  0x00000000       0xea atmel_start.o
 .debug_abbrev  0x000000ea      0x227 Device_Startup/startup_samd21.o
 .debug_abbrev  0x00000311      0x2f2 driver_init.o
 .debug_abbrev  0x00000603      0x22c drv_i2c_master.o
 .debug_abbrev  0x0000082f      0x382 drv_mxt.o
 .debug_abbrev  0x00000bb1      0x153 hal/src/hal_i2c_m_sync.o
 .debug_abbrev  0x00000d04       0xfe hal/src/hal_io.o
 .debug_abbrev  0x00000e02      0x1bf hal/src/hal_timer.o
 .debug_abbrev  0x00000fc1       0x86 hal/utils/src/utils_assert.o
 .debug_abbrev  0x00001047      0x101 hal/utils/src/utils_list.o
 .debug_abbrev  0x00001148      0x1a6 hpl/core/hpl_init.o
 .debug_abbrev  0x000012ee      0x192 hpl/gclk/hpl_gclk.o
 .debug_abbrev  0x00001480      0x207 hpl/pm/hpl_pm.o
 .debug_abbrev  0x00001687      0x313 hpl/rtc/hpl_rtc.o
 .debug_abbrev  0x0000199a      0x3bf hpl/sercom/hpl_sercom.o
 .debug_abbrev  0x00001d59      0x1cd hpl/sysctrl/hpl_sysctrl.o
 .debug_abbrev  0x00001f26      0x1d3 main.o

.debug_loc      0x00000000     0x5db0
 .debug_loc     0x00000000       0x2c atmel_start.o
 .debug_loc     0x0000002c       0x64 Device_Startup/startup_samd21.o
 .debug_loc     0x00000090      0x4c0 driver_init.o
 .debug_loc     0x00000550       0x9e drv_i2c_master.o
 .debug_loc     0x000005ee      0x430 drv_mxt.o
 .debug_loc     0x00000a1e      0x304 hal/src/hal_i2c_m_sync.o
 .debug_loc     0x00000d22       0x9c hal/src/hal_io.o
 .debug_loc     0x00000dbe      0x2cc hal/src/hal_timer.o
 .debug_loc     0x0000108a       0x38 hal/utils/src/utils_assert.o
 .debug_loc     0x000010c2      0x150 hal/utils/src/utils_list.o
 .debug_loc     0x00001212       0x64 hpl/core/hpl_init.o
 .debug_loc     0x00001276      0x10c hpl/gclk/hpl_gclk.o
 .debug_loc     0x00001382      0x1a8 hpl/pm/hpl_pm.o
 .debug_loc     0x0000152a      0x528 hpl/rtc/hpl_rtc.o
 .debug_loc     0x00001a52     0x3f02 hpl/sercom/hpl_sercom.o
 .debug_loc     0x00005954      0x268 hpl/sysctrl/hpl_sysctrl.o
 .debug_loc     0x00005bbc      0x1f4 main.o

.debug_aranges  0x00000000      0xf28
 .debug_aranges
                0x00000000       0x20 atmel_start.o
 .debug_aranges
                0x00000020       0x28 Device_Startup/startup_samd21.o
 .debug_aranges
                0x00000048       0xd0 driver_init.o
 .debug_aranges
                0x00000118       0x30 drv_i2c_master.o
 .debug_aranges
                0x00000148       0xb8 drv_mxt.o
 .debug_aranges
                0x00000200       0x88 hal/src/hal_i2c_m_sync.o
 .debug_aranges
                0x00000288       0x30 hal/src/hal_io.o
 .debug_aranges
                0x000002b8       0x80 hal/src/hal_timer.o
 .debug_aranges
                0x00000338       0x20 hal/utils/src/utils_assert.o
 .debug_aranges
                0x00000358       0x48 hal/utils/src/utils_list.o
 .debug_aranges
                0x000003a0       0x28 hpl/core/hpl_init.o
 .debug_aranges
                0x000003c8       0x40 hpl/gclk/hpl_gclk.o
 .debug_aranges
                0x00000408       0x58 hpl/pm/hpl_pm.o
 .debug_aranges
                0x00000460       0xd8 hpl/rtc/hpl_rtc.o
 .debug_aranges
                0x00000538      0x918 hpl/sercom/hpl_sercom.o
 .debug_aranges
                0x00000e50       0x70 hpl/sysctrl/hpl_sysctrl.o
 .debug_aranges
                0x00000ec0       0x68 main.o

.debug_ranges   0x00000000      0xe30
 .debug_ranges  0x00000000       0x10 atmel_start.o
 .debug_ranges  0x00000010       0x18 Device_Startup/startup_samd21.o
 .debug_ranges  0x00000028       0xc0 driver_init.o
 .debug_ranges  0x000000e8       0x20 drv_i2c_master.o
 .debug_ranges  0x00000108       0xa8 drv_mxt.o
 .debug_ranges  0x000001b0       0x78 hal/src/hal_i2c_m_sync.o
 .debug_ranges  0x00000228       0x20 hal/src/hal_io.o
 .debug_ranges  0x00000248       0x88 hal/src/hal_timer.o
 .debug_ranges  0x000002d0       0x10 hal/utils/src/utils_assert.o
 .debug_ranges  0x000002e0       0x38 hal/utils/src/utils_list.o
 .debug_ranges  0x00000318       0x18 hpl/core/hpl_init.o
 .debug_ranges  0x00000330       0x30 hpl/gclk/hpl_gclk.o
 .debug_ranges  0x00000360       0x48 hpl/pm/hpl_pm.o
 .debug_ranges  0x000003a8       0xc8 hpl/rtc/hpl_rtc.o
 .debug_ranges  0x00000470      0x908 hpl/sercom/hpl_sercom.o
 .debug_ranges  0x00000d78       0x60 hpl/sysctrl/hpl_sysctrl.o
 .debug_ranges  0x00000dd8       0x58 main.o

.debug_macro    0x00000000    0x19075
 .debug_macro   0x00000000      0x4fe atmel_start.o
 .debug_macro   0x000004fe      0x89e atmel_start.o
 .debug_macro   0x00000d9c      0x16d atmel_start.o
 .debug_macro   0x00000f09       0x22 atmel_start.o
 .debug_macro   0x00000f2b       0x87 atmel_start.o
 .debug_macro   0x00000fb2       0x51 atmel_start.o
 .debug_macro   0x00001003       0xef atmel_start.o
 .debug_macro   0x000010f2       0x6a atmel_start.o
 .debug_macro   0x0000115c      0x1df atmel_start.o
 .debug_macro   0x0000133b       0x22 atmel_start.o
 .debug_macro   0x0000135d       0x3f atmel_start.o
 .debug_macro   0x0000139c       0x28 atmel_start.o
 .debug_macro   0x000013c4       0x85 atmel_start.o
 .debug_macro   0x00001449      0x375 atmel_start.o
 .debug_macro   0x000017be      0x67e atmel_start.o
 .debug_macro   0x00001e3c      0x8b1 atmel_start.o
 .debug_macro   0x000026ed      0x22e atmel_start.o
 .debug_macro   0x0000291b      0xd5c atmel_start.o
 .debug_macro   0x00003677      0x4dc atmel_start.o
 .debug_macro   0x00003b53      0x9f6 atmel_start.o
 .debug_macro   0x00004549      0x82b atmel_start.o
 .debug_macro   0x00004d74      0x45f atmel_start.o
 .debug_macro   0x000051d3       0x5e atmel_start.o
 .debug_macro   0x00005231      0x8f9 atmel_start.o
 .debug_macro   0x00005b2a      0x21c atmel_start.o
 .debug_macro   0x00005d46      0x735 atmel_start.o
 .debug_macro   0x0000647b       0x5e atmel_start.o
 .debug_macro   0x000064d9      0x632 atmel_start.o
 .debug_macro   0x00006b0b      0x3ac atmel_start.o
 .debug_macro   0x00006eb7      0xc76 atmel_start.o
 .debug_macro   0x00007b2d     0x1092 atmel_start.o
 .debug_macro   0x00008bbf      0xc4a atmel_start.o
 .debug_macro   0x00009809      0x6ba atmel_start.o
 .debug_macro   0x00009ec3     0x1b3d atmel_start.o
 .debug_macro   0x0000ba00     0x143c atmel_start.o
 .debug_macro   0x0000ce3c      0x340 atmel_start.o
 .debug_macro   0x0000d17c       0x7c atmel_start.o
 .debug_macro   0x0000d1f8       0xa0 atmel_start.o
 .debug_macro   0x0000d298       0x4c atmel_start.o
 .debug_macro   0x0000d2e4       0xca atmel_start.o
 .debug_macro   0x0000d3ae       0x94 atmel_start.o
 .debug_macro   0x0000d442       0x58 atmel_start.o
 .debug_macro   0x0000d49a      0x341 atmel_start.o
 .debug_macro   0x0000d7db       0x82 atmel_start.o
 .debug_macro   0x0000d85d      0x189 atmel_start.o
 .debug_macro   0x0000d9e6       0xb8 atmel_start.o
 .debug_macro   0x0000da9e       0xa0 atmel_start.o
 .debug_macro   0x0000db3e       0xb2 atmel_start.o
 .debug_macro   0x0000dbf0       0x1c atmel_start.o
 .debug_macro   0x0000dc0c       0x1c atmel_start.o
 .debug_macro   0x0000dc28       0x1c atmel_start.o
 .debug_macro   0x0000dc44       0x7c atmel_start.o
 .debug_macro   0x0000dcc0      0x15a atmel_start.o
 .debug_macro   0x0000de1a       0x10 atmel_start.o
 .debug_macro   0x0000de2a       0xdc atmel_start.o
 .debug_macro   0x0000df06      0x124 atmel_start.o
 .debug_macro   0x0000e02a      0x124 atmel_start.o
 .debug_macro   0x0000e14e      0x124 atmel_start.o
 .debug_macro   0x0000e272      0x124 atmel_start.o
 .debug_macro   0x0000e396      0x124 atmel_start.o
 .debug_macro   0x0000e4ba      0x124 atmel_start.o
 .debug_macro   0x0000e5de      0x124 atmel_start.o
 .debug_macro   0x0000e702       0xe2 atmel_start.o
 .debug_macro   0x0000e7e4       0xe2 atmel_start.o
 .debug_macro   0x0000e8c6       0xe2 atmel_start.o
 .debug_macro   0x0000e9a8       0xe2 atmel_start.o
 .debug_macro   0x0000ea8a       0xe2 atmel_start.o
 .debug_macro   0x0000eb6c      0x12a atmel_start.o
 .debug_macro   0x0000ec96      0x100 atmel_start.o
 .debug_macro   0x0000ed96       0xf4 atmel_start.o
 .debug_macro   0x0000ee8a      0x40f atmel_start.o
 .debug_macro   0x0000f299       0x40 atmel_start.o
 .debug_macro   0x0000f2d9      0x392 atmel_start.o
 .debug_macro   0x0000f66b     0x1fb0 atmel_start.o
 .debug_macro   0x0001161b       0x6d atmel_start.o
 .debug_macro   0x00011688       0x10 atmel_start.o
 .debug_macro   0x00011698       0x10 atmel_start.o
 .debug_macro   0x000116a8       0x16 atmel_start.o
 .debug_macro   0x000116be       0x16 atmel_start.o
 .debug_macro   0x000116d4       0x16 atmel_start.o
 .debug_macro   0x000116ea       0x16 atmel_start.o
 .debug_macro   0x00011700       0x16 atmel_start.o
 .debug_macro   0x00011716       0x16 atmel_start.o
 .debug_macro   0x0001172c       0x16 atmel_start.o
 .debug_macro   0x00011742       0x16 atmel_start.o
 .debug_macro   0x00011758       0x16 atmel_start.o
 .debug_macro   0x0001176e       0x16 atmel_start.o
 .debug_macro   0x00011784       0x16 atmel_start.o
 .debug_macro   0x0001179a       0x16 atmel_start.o
 .debug_macro   0x000117b0       0x16 atmel_start.o
 .debug_macro   0x000117c6       0x16 atmel_start.o
 .debug_macro   0x000117dc      0x4c3 atmel_start.o
 .debug_macro   0x00011c9f       0x94 atmel_start.o
 .debug_macro   0x00011d33       0x16 atmel_start.o
 .debug_macro   0x00011d49       0x6a atmel_start.o
 .debug_macro   0x00011db3      0x28c atmel_start.o
 .debug_macro   0x0001203f      0x4d8 atmel_start.o
 .debug_macro   0x00012517       0x16 atmel_start.o
 .debug_macro   0x0001252d       0xca atmel_start.o
 .debug_macro   0x000125f7       0x1c atmel_start.o
 .debug_macro   0x00012613       0x16 atmel_start.o
 .debug_macro   0x00012629       0x40 atmel_start.o
 .debug_macro   0x00012669       0x70 atmel_start.o
 .debug_macro   0x000126d9      0x301 Device_Startup/startup_samd21.o
 .debug_macro   0x000129da       0x39 Device_Startup/startup_samd21.o
 .debug_macro   0x00012a13      0x527 driver_init.o
 .debug_macro   0x00012f3a       0x34 driver_init.o
 .debug_macro   0x00012f6e       0xc9 driver_init.o
 .debug_macro   0x00013037      0x5c0 drv_i2c_master.o
 .debug_macro   0x000135f7       0x52 drv_i2c_master.o
 .debug_macro   0x00013649       0x8d drv_i2c_master.o
 .debug_macro   0x000136d6       0x35 drv_i2c_master.o
 .debug_macro   0x0001370b       0x9c drv_i2c_master.o
 .debug_macro   0x000137a7       0x57 drv_i2c_master.o
 .debug_macro   0x000137fe       0x58 drv_i2c_master.o
 .debug_macro   0x00013856       0x1f drv_i2c_master.o
 .debug_macro   0x00013875       0x43 drv_i2c_master.o
 .debug_macro   0x000138b8       0x20 drv_i2c_master.o
 .debug_macro   0x000138d8      0x187 drv_i2c_master.o
 .debug_macro   0x00013a5f      0x353 drv_i2c_master.o
 .debug_macro   0x00013db2       0x10 drv_i2c_master.o
 .debug_macro   0x00013dc2       0x35 drv_i2c_master.o
 .debug_macro   0x00013df7       0x10 drv_i2c_master.o
 .debug_macro   0x00013e07      0x819 drv_mxt.o
 .debug_macro   0x00014620       0x16 drv_mxt.o
 .debug_macro   0x00014636       0x97 drv_mxt.o
 .debug_macro   0x000146cd       0xf6 drv_mxt.o
 .debug_macro   0x000147c3       0x10 drv_mxt.o
 .debug_macro   0x000147d3       0x10 drv_mxt.o
 .debug_macro   0x000147e3       0x1c drv_mxt.o
 .debug_macro   0x000147ff       0x52 drv_mxt.o
 .debug_macro   0x00014851       0x40 drv_mxt.o
 .debug_macro   0x00014891       0x10 drv_mxt.o
 .debug_macro   0x000148a1       0x40 drv_mxt.o
 .debug_macro   0x000148e1       0xd7 drv_mxt.o
 .debug_macro   0x000149b8       0x16 drv_mxt.o
 .debug_macro   0x000149ce      0x18b drv_mxt.o
 .debug_macro   0x00014b59       0x16 drv_mxt.o
 .debug_macro   0x00014b6f       0x5e drv_mxt.o
 .debug_macro   0x00014bcd      0x46a hal/src/hal_i2c_m_sync.o
 .debug_macro   0x00015037       0x6a hal/src/hal_i2c_m_sync.o
 .debug_macro   0x000150a1      0x442 hal/src/hal_io.o
 .debug_macro   0x000154e3      0x475 hal/src/hal_timer.o
 .debug_macro   0x00015958      0x438 hal/utils/src/utils_assert.o
 .debug_macro   0x00015d90       0x10 hal/utils/src/utils_assert.o
 .debug_macro   0x00015da0      0x43c hal/utils/src/utils_list.o
 .debug_macro   0x000161dc      0x4a9 hpl/core/hpl_init.o
 .debug_macro   0x00016685       0x2e hpl/core/hpl_init.o
 .debug_macro   0x000166b3      0x6ec hpl/core/hpl_init.o
 .debug_macro   0x00016d9f      0x44b hpl/gclk/hpl_gclk.o
 .debug_macro   0x000171ea      0x1f3 hpl/gclk/hpl_gclk.o
 .debug_macro   0x000173dd      0x46e hpl/pm/hpl_pm.o
 .debug_macro   0x0001784b      0x473 hpl/rtc/hpl_rtc.o
 .debug_macro   0x00017cbe       0x64 hpl/rtc/hpl_rtc.o
 .debug_macro   0x00017d22      0x676 hpl/sercom/hpl_sercom.o
 .debug_macro   0x00018398       0x59 hpl/sercom/hpl_sercom.o
 .debug_macro   0x000183f1       0x10 hpl/sercom/hpl_sercom.o
 .debug_macro   0x00018401       0x1c hpl/sercom/hpl_sercom.o
 .debug_macro   0x0001841d       0x22 hpl/sercom/hpl_sercom.o
 .debug_macro   0x0001843f       0x10 hpl/sercom/hpl_sercom.o
 .debug_macro   0x0001844f      0x445 hpl/sysctrl/hpl_sysctrl.o
 .debug_macro   0x00018894      0x2da hpl/sysctrl/hpl_sysctrl.o
 .debug_macro   0x00018b6e      0x507 main.o

.debug_line     0x00000000     0xd3de
 .debug_line    0x00000000      0xa6b atmel_start.o
 .debug_line    0x00000a6b      0x6fd Device_Startup/startup_samd21.o
 .debug_line    0x00001168      0xced driver_init.o
 .debug_line    0x00001e55      0xb63 drv_i2c_master.o
 .debug_line    0x000029b8      0xe5f drv_mxt.o
 .debug_line    0x00003817      0xaa4 hal/src/hal_i2c_m_sync.o
 .debug_line    0x000042bb      0x997 hal/src/hal_io.o
 .debug_line    0x00004c52      0xb67 hal/src/hal_timer.o
 .debug_line    0x000057b9      0x938 hal/utils/src/utils_assert.o
 .debug_line    0x000060f1      0x9d2 hal/utils/src/utils_list.o
 .debug_line    0x00006ac3      0xa22 hpl/core/hpl_init.o
 .debug_line    0x000074e5      0x9b7 hpl/gclk/hpl_gclk.o
 .debug_line    0x00007e9c      0xa1d hpl/pm/hpl_pm.o
 .debug_line    0x000088b9      0xbf6 hpl/rtc/hpl_rtc.o
 .debug_line    0x000094af     0x29b2 hpl/sercom/hpl_sercom.o
 .debug_line    0x0000be61      0xa3f hpl/sysctrl/hpl_sysctrl.o
 .debug_line    0x0000c8a0      0xb3e main.o

.debug_str      0x00000000    0x88be6
 .debug_str     0x00000000    0x78f73 atmel_start.o
                              0x793f8 (size before relaxing)
 .debug_str     0x00078f73     0x10af Device_Startup/startup_samd21.o
                              0x7135d (size before relaxing)
 .debug_str     0x0007a022     0x192a driver_init.o
                              0x7bb5a (size before relaxing)
 .debug_str     0x0007b94c     0x2d42 drv_i2c_master.o
                              0x7c620 (size before relaxing)
 .debug_str     0x0007e68e     0x1e88 drv_mxt.o
                              0x7e47e (size before relaxing)
 .debug_str     0x00080516      0x14e hal/src/hal_i2c_m_sync.o
                              0x7971c (size before relaxing)
 .debug_str     0x00080664       0x2c hal/src/hal_io.o
                              0x78ec6 (size before relaxing)
 .debug_str     0x00080690      0x305 hal/src/hal_timer.o
                              0x79758 (size before relaxing)
 .debug_str     0x00080995       0x2a hal/utils/src/utils_assert.o
                              0x78e29 (size before relaxing)
 .debug_str     0x000809bf       0x31 hal/utils/src/utils_list.o
                              0x78ed3 (size before relaxing)
 .debug_str     0x000809f0     0x17d7 hpl/core/hpl_init.o
                              0x7a9b3 (size before relaxing)
 .debug_str     0x000821c7      0x84c hpl/gclk/hpl_gclk.o
                              0x79743 (size before relaxing)
 .debug_str     0x00082a13      0x194 hpl/pm/hpl_pm.o
                              0x79512 (size before relaxing)
 .debug_str     0x00082ba7      0x536 hpl/rtc/hpl_rtc.o
                              0x7995b (size before relaxing)
 .debug_str     0x000830dd     0x48bf hpl/sercom/hpl_sercom.o
                              0x7e986 (size before relaxing)
 .debug_str     0x0008799c     0x11d8 hpl/sysctrl/hpl_sysctrl.o
                              0x7a0f8 (size before relaxing)
 .debug_str     0x00088b74       0x72 main.o
                              0x7970c (size before relaxing)

.debug_frame    0x00000000     0x3778
 .debug_frame   0x00000000       0x2c atmel_start.o
 .debug_frame   0x0000002c       0x4c Device_Startup/startup_samd21.o
 .debug_frame   0x00000078      0x2e0 driver_init.o
 .debug_frame   0x00000358       0x6c drv_i2c_master.o
 .debug_frame   0x000003c4      0x280 drv_mxt.o
 .debug_frame   0x00000644      0x1cc hal/src/hal_i2c_m_sync.o
 .debug_frame   0x00000810       0x6c hal/src/hal_io.o
 .debug_frame   0x0000087c      0x1ac hal/src/hal_timer.o
 .debug_frame   0x00000a28       0x30 hal/utils/src/utils_assert.o
 .debug_frame   0x00000a58       0xd0 hal/utils/src/utils_list.o
 .debug_frame   0x00000b28       0x4c hpl/core/hpl_init.o
 .debug_frame   0x00000b74       0xac hpl/gclk/hpl_gclk.o
 .debug_frame   0x00000c20      0x108 hpl/pm/hpl_pm.o
 .debug_frame   0x00000d28      0x308 hpl/rtc/hpl_rtc.o
 .debug_frame   0x00001030     0x241c hpl/sercom/hpl_sercom.o
 .debug_frame   0x0000344c      0x170 hpl/sysctrl/hpl_sysctrl.o
 .debug_frame   0x000035bc      0x13c main.o
 .debug_frame   0x000036f8       0x2c c:/program files (x86)/atmel/studio/7.0/toolchain/arm/arm-gnu-toolchain/bin/../lib/gcc/arm-none-eabi/6.3.1/../../../../arm-none-eabi/lib/thumb/v6-m\libc_nano.a(lib_a-init.o)
 .debug_frame   0x00003724       0x2c c:/program files (x86)/atmel/studio/7.0/toolchain/arm/arm-gnu-toolchain/bin/../lib/gcc/arm-none-eabi/6.3.1/../../../../arm-none-eabi/lib/thumb/v6-m\libc_nano.a(lib_a-memcmp.o)
 .debug_frame   0x00003750       0x28 c:/program files (x86)/atmel/studio/7.0/toolchain/arm/arm-gnu-toolchain/bin/../lib/gcc/arm-none-eabi/6.3.1/../../../../arm-none-eabi/lib/thumb/v6-m\libc_nano.a(lib_a-memcpy-stub.o)
